global
    log stdout  format raw  local0  info
    maxconn 2000
    # modern configuration
    ssl-default-bind-ciphersuites TLS_AES_128_GCM_SHA256:TLS_AES_256_GCM_SHA384:TLS_CHACHA20_POLY1305_SHA256
    ssl-default-bind-options prefer-client-ciphers no-sslv3 no-tlsv10 no-tlsv11 no-tlsv12 no-tls-tickets

    ssl-default-server-ciphersuites TLS_AES_128_GCM_SHA256:TLS_AES_256_GCM_SHA384:TLS_CHACHA20_POLY1305_SHA256
    ssl-default-server-options no-sslv3 no-tlsv10 no-tlsv11 no-tlsv12 no-tls-tickets


defaults
    log global
    option httplog

    timeout connect    3s
    timeout client    10s
    timeout server    10m


backend letsencrypt_backend
    mode http
    server certbot 127.0.0.1:2080